============================= test session starts =============================
platform win32 -- Python 3.14.5, pytest-9.1.1, pluggy-1.6.0
rootdir: E:\Legion
plugins: anyio-4.13.0, langsmith-0.9.7
collected 4 items

tests\test_stage5.py ....                                                [100%]

============================== 4 passed in 2.53s ==============================

